[      84ms] [INFO] %cDownload the React DevTools for a better development experience: https://react.dev/link/react-devtools font-weight:bold @ http://localhost:3001/node_modules/.vite/deps/react-dom_client.js?v=97a04652:20102
[   37974ms] ReferenceError: SheetClose is not defined
    at BottomNav (http://localhost:3001/src/components/BottomNav.tsx?t=1783315918534:146:34)
    at Object.react_stack_bottom_frame (http://localhost:3001/node_modules/.vite/deps/react-dom_client.js?v=97a04652:18509:20)
    at renderWithHooks (http://localhost:3001/node_modules/.vite/deps/react-dom_client.js?v=97a04652:5654:24)
    at updateFunctionComponent (http://localhost:3001/node_modules/.vite/deps/react-dom_client.js?v=97a04652:7475:21)
    at beginWork (http://localhost:3001/node_modules/.vite/deps/react-dom_client.js?v=97a04652:8525:20)
    at runWithFiberInDEV (http://localhost:3001/node_modules/.vite/deps/react-dom_client.js?v=97a04652:997:72)
    at performUnitOfWork (http://localhost:3001/node_modules/.vite/deps/react-dom_client.js?v=97a04652:12561:98)
    at workLoopSync (http://localhost:3001/node_modules/.vite/deps/react-dom_client.js?v=97a04652:12424:43)
    at renderRootSync (http://localhost:3001/node_modules/.vite/deps/react-dom_client.js?v=97a04652:12408:13)
    at performWorkOnRoot (http://localhost:3001/node_modules/.vite/deps/react-dom_client.js?v=97a04652:11827:37)
[   37974ms] [WARNING] %s

%s
 An error occurred in the <BottomNav> component. Consider adding an error boundary to your tree to customize error handling behavior.
Visit https://react.dev/link/error-boundaries to learn more about error boundaries. @ http://localhost:3001/node_modules/.vite/deps/react-dom_client.js?v=97a04652:6965
[   44942ms] ReferenceError: SheetClose is not defined
    at http://localhost:3001/src/components/BottomNav.tsx?t=1783315925498:151:46
    at Array.map (<anonymous>)
    at BottomNav (http://localhost:3001/src/components/BottomNav.tsx?t=1783315925498:150:21)
    at Object.react_stack_bottom_frame (http://localhost:3001/node_modules/.vite/deps/react-dom_client.js?v=97a04652:18509:20)
    at renderWithHooks (http://localhost:3001/node_modules/.vite/deps/react-dom_client.js?v=97a04652:5654:24)
    at updateFunctionComponent (http://localhost:3001/node_modules/.vite/deps/react-dom_client.js?v=97a04652:7475:21)
    at beginWork (http://localhost:3001/node_modules/.vite/deps/react-dom_client.js?v=97a04652:8525:20)
    at runWithFiberInDEV (http://localhost:3001/node_modules/.vite/deps/react-dom_client.js?v=97a04652:997:72)
    at performUnitOfWork (http://localhost:3001/node_modules/.vite/deps/react-dom_client.js?v=97a04652:12561:98)
    at workLoopSync (http://localhost:3001/node_modules/.vite/deps/react-dom_client.js?v=97a04652:12424:43)
[   44942ms] [WARNING] %s

%s
 An error occurred in the <BottomNav> component. Consider adding an error boundary to your tree to customize error handling behavior.
Visit https://react.dev/link/error-boundaries to learn more about error boundaries. @ http://localhost:3001/node_modules/.vite/deps/react-dom_client.js?v=97a04652:6965
[   51082ms] ReferenceError: SheetClose is not defined
    at http://localhost:3001/src/components/BottomNav.tsx?t=1783315931652:151:46
    at Array.map (<anonymous>)
    at BottomNav (http://localhost:3001/src/components/BottomNav.tsx?t=1783315931652:150:21)
    at Object.react_stack_bottom_frame (http://localhost:3001/node_modules/.vite/deps/react-dom_client.js?v=97a04652:18509:20)
    at renderWithHooks (http://localhost:3001/node_modules/.vite/deps/react-dom_client.js?v=97a04652:5654:24)
    at updateFunctionComponent (http://localhost:3001/node_modules/.vite/deps/react-dom_client.js?v=97a04652:7475:21)
    at beginWork (http://localhost:3001/node_modules/.vite/deps/react-dom_client.js?v=97a04652:8525:20)
    at runWithFiberInDEV (http://localhost:3001/node_modules/.vite/deps/react-dom_client.js?v=97a04652:997:72)
    at performUnitOfWork (http://localhost:3001/node_modules/.vite/deps/react-dom_client.js?v=97a04652:12561:98)
    at workLoopSync (http://localhost:3001/node_modules/.vite/deps/react-dom_client.js?v=97a04652:12424:43)
[   51082ms] [WARNING] %s

%s
 An error occurred in the <BottomNav> component. Consider adding an error boundary to your tree to customize error handling behavior.
Visit https://react.dev/link/error-boundaries to learn more about error boundaries. @ http://localhost:3001/node_modules/.vite/deps/react-dom_client.js?v=97a04652:6965
